// Jest Snapshot v1, https://goo.gl/fbAQLP

exports[`Testing render 1`] = `
<div>
  <div
    class="App-Wrapper"
  >
    <div
      class="App"
    >
      <div
        class="Header"
      >
        Хедер
        <div
          class="float-right"
          style="width: 160px; height: 100px; overflow: hidden;"
        >
          <img
            alt="HeaderLogo"
            class="logo "
            id="HeaderLogo"
            placeholder="HeaderLogo"
            src="logo.svg"
          />
          <div>
            <span
              class="badge badge-dark"
            >
              Socket: 
            </span>
            <span
              class="badge badge-warning"
            >
              INITIAL
            </span>
          </div>
        </div>
      </div>
      <div
        class="Sidebar container pt-2"
      >
        <button
          class="btn btn-block btn-lg btn-primary"
          disabled=""
        >
          Create Test Operation
        </button>
      </div>
      <div
        class="Main"
      >
        <div>
          Рабочий экран.
        </div>
      </div>
    </div>
  </div>
</div>
`;
